20:54:24 **** Incremental Build of configuration Debug for project 009keypad ****
make -j8 all 
arm-none-eabi-gcc "../Src/main.c" -mcpu=cortex-m4 -std=gnu11 -g3 -DDEBUG -DSTM32F411VETx -DSTM32 -DSTM32F4 -DSTM32F411E_DISCO -c -I../Inc -O0 -ffunction-sections -fdata-sections -Wall -fstack-usage -fcyclomatic-complexity -MMD -MP -MF"Src/main.d" -MT"Src/main.o" --specs=nano.specs -mfpu=fpv4-sp-d16 -mfloat-abi=hard -mthumb -o "Src/main.o"
arm-none-eabi-gcc -o "009keypad.elf" @"objects.list"   -mcpu=cortex-m4 -T"C:\Users\islam\Desktop\Embedded-C\My_workspace\target\009keypad\STM32F411VETX_FLASH.ld" --specs=nosys.specs -Wl,-Map="009keypad.map" -Wl,--gc-sections -static --specs=nano.specs -mfpu=fpv4-sp-d16 -mfloat-abi=hard -mthumb -Wl,--start-group -lc -lm -Wl,--end-group
Finished building target: 009keypad.elf
 
arm-none-eabi-size  009keypad.elf 
arm-none-eabi-objdump -h -S 009keypad.elf  > "009keypad.list"
   text	   data	    bss	    dec	    hex	filename
   5720	    100	   1900	   7720	   1e28	009keypad.elf
Finished building: default.size.stdout
 
Finished building: 009keypad.list
 

20:54:26 Build Finished. 0 errors, 0 warnings. (took 1s.706ms)

