02:03:06 **** Build of configuration Debug for project 010stm32f411xx_drivers ****
make -j8 all 
arm-none-eabi-gcc -mcpu=cortex-m4 -g3 -DDEBUG -c -x assembler-with-cpp -MMD -MP -MF"Startup/startup_stm32f411vetx.d" -MT"Startup/startup_stm32f411vetx.o" --specs=nano.specs -mfpu=fpv4-sp-d16 -mfloat-abi=hard -mthumb -o "Startup/startup_stm32f411vetx.o" "../Startup/startup_stm32f411vetx.s"
arm-none-eabi-gcc "../Src/main.c" -mcpu=cortex-m4 -std=gnu11 -g3 -DDEBUG -DSTM32F411VETx -DSTM32 -DSTM32F4 -DSTM32F411E_DISCO -c -I../Inc -I"C:/Users/islam/Desktop/Embedded-C/My_workspace/target/010stm32f411xx_drivers/Inc" -O0 -ffunction-sections -fdata-sections -Wall -fstack-usage -fcyclomatic-complexity -MMD -MP -MF"Src/main.d" -MT"Src/main.o" --specs=nano.specs -mfpu=fpv4-sp-d16 -mfloat-abi=hard -mthumb -o "Src/main.o"
arm-none-eabi-gcc "../Src/syscalls.c" -mcpu=cortex-m4 -std=gnu11 -g3 -DDEBUG -DSTM32F411VETx -DSTM32 -DSTM32F4 -DSTM32F411E_DISCO -c -I../Inc -I"C:/Users/islam/Desktop/Embedded-C/My_workspace/target/010stm32f411xx_drivers/Inc" -O0 -ffunction-sections -fdata-sections -Wall -fstack-usage -fcyclomatic-complexity -MMD -MP -MF"Src/syscalls.d" -MT"Src/syscalls.o" --specs=nano.specs -mfpu=fpv4-sp-d16 -mfloat-abi=hard -mthumb -o "Src/syscalls.o"
arm-none-eabi-gcc "../Src/sysmem.c" -mcpu=cortex-m4 -std=gnu11 -g3 -DDEBUG -DSTM32F411VETx -DSTM32 -DSTM32F4 -DSTM32F411E_DISCO -c -I../Inc -I"C:/Users/islam/Desktop/Embedded-C/My_workspace/target/010stm32f411xx_drivers/Inc" -O0 -ffunction-sections -fdata-sections -Wall -fstack-usage -fcyclomatic-complexity -MMD -MP -MF"Src/sysmem.d" -MT"Src/sysmem.o" --specs=nano.specs -mfpu=fpv4-sp-d16 -mfloat-abi=hard -mthumb -o "Src/sysmem.o"
arm-none-eabi-gcc -o "010stm32f411xx_drivers.elf" @"objects.list"   -mcpu=cortex-m4 -T"C:\Users\islam\Desktop\Embedded-C\My_workspace\target\010stm32f411xx_drivers\STM32F411VETX_FLASH.ld" --specs=nosys.specs -Wl,-Map="010stm32f411xx_drivers.map" -Wl,--gc-sections -static --specs=nano.specs -mfpu=fpv4-sp-d16 -mfloat-abi=hard -mthumb -Wl,--start-group -lc -lm -Wl,--end-group
Finished building target: 010stm32f411xx_drivers.elf
 
arm-none-eabi-size  010stm32f411xx_drivers.elf 
arm-none-eabi-objdump -h -S 010stm32f411xx_drivers.elf  > "010stm32f411xx_drivers.list"
   text	   data	    bss	    dec	    hex	filename
    660	      8	   1568	   2236	    8bc	010stm32f411xx_drivers.elf
Finished building: default.size.stdout
 
Finished building: 010stm32f411xx_drivers.list
 
